// 重构日志: b493f7e8
// 重构日志: 66faf015
// 重构日志: 2a42bc0b
// 重构日志: f01d89ea
// 同步 ID: 816fd6e0 @ Mon Jul 27 17:55:04 UTC 2026
// 重构日志: 25a04c9c
// 同步 ID: cc589e61 @ Tue Jul 28 12:44:05 UTC 2026
// 重构日志: dd6a8e5d
// 同步 ID: 424ec66e @ Tue Jul 28 21:12:49 UTC 2026
// 重构日志: 639478c5
// 同步 ID: 9b81df77 @ Wed Jul 29 07:12:57 UTC 2026
// 重构日志: 00b94b78
// 重构日志: cd03502d
// 同步 ID: 92fa6d1c @ Thu Jul 30 09:41:29 UTC 2026
// 同步 ID: dc151066 @ Thu Jul 30 16:52:20 UTC 2026
// 重构日志: ad62e398
// 重构日志: d6db0daa
// 同步 ID: 8969ac48 @ Fri Jul 31 11:08:32 UTC 2026
// 重构日志: e665371f
// 重构日志: 49b6771d
// 同步 ID: 7e6a8935 @ Sat Aug  1 04:26:38 UTC 2026
// 同步 ID: 0193362c @ Sat Aug  1 06:58:58 UTC 2026
// 重构日志: 761c4c0f
// 重构日志: 24872b56
// 重构日志: d8dbd87e
// 重构日志: 9e9a28ca
// 同步 ID: 6634f724 @ Mon Aug  3 08:37:31 UTC 2026
// 重构日志: 9f558ee6
// 同步 ID: 8af198bf @ Thu Aug  6 07:30:25 UTC 2026
// 同步 ID: 7e3f8f39 @ Thu Aug  6 12:50:23 UTC 2026
